==========================================================================
DRISHTI - rolling 2.5D BEV mapping
grid 128x192 @ 0.06 m  (7.68 m forward, +/-5.76 m lateral)   decay 0.965/frame, retire at 45 frames
metric scale from an ASSUMED camera height of 0.12 m - not calibrated
==========================================================================

[clip_01]
  loaded 300 frames of (360, 640) depth in 3.1 s
    100/300  66.2 ms/frame
    200/300  63.3 ms/frame
    300/300  58.7 ms/frame
   62.7 ms/frame (median 60.6)  -> bev.npz 57 MB
  cells: safe 1.0%  risky 6.5%  obstacle 17.8%  unknown 74.6%  conf 0.67

[clip_02]
  loaded 300 frames of (360, 640) depth in 3.8 s
    100/300  58.4 ms/frame
    200/300  50.9 ms/frame
    300/300  63.6 ms/frame
   57.6 ms/frame (median 56.7)  -> bev.npz 48 MB
  cells: safe 2.3%  risky 7.9%  obstacle 12.5%  unknown 77.3%  conf 0.65

[clip_03]
  loaded 300 frames of (360, 640) depth in 5.5 s
    100/300  127.9 ms/frame
    200/300  142.1 ms/frame
    300/300  156.6 ms/frame
  142.2 ms/frame (median 137.5)  -> bev.npz 39 MB
  cells: safe 2.4%  risky 5.3%  obstacle 11.2%  unknown 81.2%  conf 0.68

[clip_04]
  loaded 300 frames of (360, 640) depth in 8.9 s
    100/300  182.9 ms/frame
    200/300  160.9 ms/frame
    300/300  165.7 ms/frame
  169.8 ms/frame (median 161.1)  -> bev.npz 38 MB
  cells: safe 2.2%  risky 4.1%  obstacle 16.2%  unknown 77.6%  conf 0.65

[clip_05]
  loaded 300 frames of (360, 640) depth in 3.8 s
    100/300  77.7 ms/frame
    200/300  70.5 ms/frame
    300/300  76.8 ms/frame
   75.0 ms/frame (median 70.9)  -> bev.npz 35 MB
  cells: safe 0.5%  risky 3.4%  obstacle 12.5%  unknown 83.6%  conf 0.65

==========================================================================
wrote bev cache for 5/5 clips, 1500 frames, 101.5 ms/frame mean (CPU, numpy+OpenCV; no GPU used by this stage)
clip       frames  ms/fr   safe  risky   obst    unk  conf     MB
clip_01       300   62.7   1.0%   6.5%  17.8%  74.6%  0.67     57
clip_02       300   57.6   2.3%   7.9%  12.5%  77.3%  0.65     48
clip_03       300  142.2   2.4%   5.3%  11.2%  81.2%  0.68     39
clip_04       300  169.8   2.2%   4.1%  16.2%  77.6%  0.65     38
clip_05       300   75.0   0.5%   3.4%  12.5%  83.6%  0.65     35
summary -> D:\HARSHIT\UVG\work\bev_infer_summary.json
==========================================================================
