D:\HARSHIT\UVG\drishti\training\train_trav_unc.py:400: UserWarning: Converting a tensor with requires_grad=True to a scalar may lead to unexpected behavior.
Consider using tensor.detach() first. (Triggered internally at C:\actions-runner\_work\pytorch\pytorch\pytorch\torch\csrc\autograd\generated\python_variable_methods.cpp:837.)
  agg += np.array([float(loss), float(l_ce), float(l_dice), float(l_risk), float(l_unc)])
device=cuda  samples=248  net=180x320  in_ch=17
train 192  val 56 (trailing temporal block per clip)
unc target std: depth 0.1275  seg 0.2629
class weights (safe/risky/obstacle/unknown): 1.69 1.30 0.81 0.63
[unc-only] trunk + trav head frozen; traversability output is unchanged
params: trunk 969,776  trav_head 21,077  unc_head 13,954  total 1,004,807
ep   1/45  loss 0.7217  ce 0.3150  dice 0.2025  risk 0.2637  unc 0.7217  lr 5.99e-04
ep   2/45  loss 0.6284  ce 0.3161  dice 0.2023  risk 0.2636  unc 0.6284  lr 5.97e-04
ep   3/45  loss 0.6069  ce 0.3164  dice 0.2031  risk 0.2635  unc 0.6069  lr 5.94e-04
ep   4/45  loss 0.5964  ce 0.3162  dice 0.2024  risk 0.2637  unc 0.5964  lr 5.89e-04
ep   5/45  loss 0.5915  ce 0.3163  dice 0.2023  risk 0.2638  unc 0.5915  lr 5.82e-04  | val mIoU 0.703  acc 0.851  rho_d 0.578  rho_s 0.486
ep   6/45  loss 0.5821  ce 0.3161  dice 0.2017  risk 0.2637  unc 0.5821  lr 5.75e-04
ep   7/45  loss 0.5839  ce 0.3161  dice 0.2023  risk 0.2637  unc 0.5839  lr 5.66e-04
ep   8/45  loss 0.5817  ce 0.3157  dice 0.2017  risk 0.2636  unc 0.5817  lr 5.55e-04
ep   9/45  loss 0.5764  ce 0.3163  dice 0.2022  risk 0.2636  unc 0.5764  lr 5.44e-04
ep  10/45  loss 0.5665  ce 0.3156  dice 0.2028  risk 0.2638  unc 0.5665  lr 5.31e-04  | val mIoU 0.703  acc 0.851  rho_d 0.593  rho_s 0.498
ep  11/45  loss 0.5699  ce 0.3162  dice 0.2020  risk 0.2638  unc 0.5699  lr 5.17e-04
ep  12/45  loss 0.5677  ce 0.3159  dice 0.2036  risk 0.2638  unc 0.5677  lr 5.03e-04
ep  13/45  loss 0.5642  ce 0.3169  dice 0.2034  risk 0.2639  unc 0.5642  lr 4.87e-04
ep  14/45  loss 0.5622  ce 0.3155  dice 0.2026  risk 0.2638  unc 0.5622  lr 4.70e-04
ep  15/45  loss 0.5534  ce 0.3160  dice 0.2025  risk 0.2636  unc 0.5534  lr 4.53e-04  | val mIoU 0.703  acc 0.851  rho_d 0.595  rho_s 0.487
ep  16/45  loss 0.5564  ce 0.3155  dice 0.2022  risk 0.2638  unc 0.5564  lr 4.35e-04
ep  17/45  loss 0.5603  ce 0.3158  dice 0.2016  risk 0.2636  unc 0.5603  lr 4.16e-04
ep  18/45  loss 0.5594  ce 0.3154  dice 0.2025  risk 0.2635  unc 0.5594  lr 3.97e-04
ep  19/45  loss 0.5601  ce 0.3145  dice 0.2013  risk 0.2635  unc 0.5601  lr 3.77e-04
ep  20/45  loss 0.5619  ce 0.3156  dice 0.2026  risk 0.2638  unc 0.5619  lr 3.57e-04  | val mIoU 0.703  acc 0.851  rho_d 0.610  rho_s 0.508
ep  21/45  loss 0.5567  ce 0.3142  dice 0.2013  risk 0.2634  unc 0.5567  lr 3.37e-04
ep  22/45  loss 0.5563  ce 0.3144  dice 0.2015  risk 0.2635  unc 0.5563  lr 3.16e-04
ep  23/45  loss 0.5604  ce 0.3158  dice 0.2022  risk 0.2639  unc 0.5604  lr 2.96e-04
ep  24/45  loss 0.5494  ce 0.3152  dice 0.2011  risk 0.2638  unc 0.5494  lr 2.75e-04
ep  25/45  loss 0.5541  ce 0.3161  dice 0.2033  risk 0.2637  unc 0.5541  lr 2.55e-04  | val mIoU 0.703  acc 0.851  rho_d 0.612  rho_s 0.509
ep  26/45  loss 0.5495  ce 0.3152  dice 0.2022  risk 0.2636  unc 0.5495  lr 2.35e-04
ep  27/45  loss 0.5589  ce 0.3159  dice 0.2017  risk 0.2637  unc 0.5589  lr 2.15e-04
ep  28/45  loss 0.5519  ce 0.3152  dice 0.2017  risk 0.2639  unc 0.5519  lr 1.96e-04
ep  29/45  loss 0.5493  ce 0.3160  dice 0.2027  risk 0.2637  unc 0.5493  lr 1.77e-04
ep  30/45  loss 0.5483  ce 0.3150  dice 0.2016  risk 0.2637  unc 0.5483  lr 1.59e-04  | val mIoU 0.703  acc 0.851  rho_d 0.615  rho_s 0.511
ep  31/45  loss 0.5486  ce 0.3140  dice 0.2013  risk 0.2637  unc 0.5486  lr 1.42e-04
ep  32/45  loss 0.5449  ce 0.3156  dice 0.2021  risk 0.2637  unc 0.5449  lr 1.25e-04
ep  33/45  loss 0.5482  ce 0.3168  dice 0.2030  risk 0.2638  unc 0.5482  lr 1.09e-04
ep  34/45  loss 0.5473  ce 0.3165  dice 0.2027  risk 0.2638  unc 0.5473  lr 9.45e-05
ep  35/45  loss 0.5450  ce 0.3162  dice 0.2026  risk 0.2639  unc 0.5450  lr 8.08e-05  | val mIoU 0.703  acc 0.851  rho_d 0.623  rho_s 0.510
ep  36/45  loss 0.5484  ce 0.3158  dice 0.2015  risk 0.2638  unc 0.5484  lr 6.81e-05
ep  37/45  loss 0.5545  ce 0.3158  dice 0.2024  risk 0.2637  unc 0.5545  lr 5.67e-05
ep  38/45  loss 0.5456  ce 0.3151  dice 0.2019  risk 0.2636  unc 0.5456  lr 4.64e-05
ep  39/45  loss 0.5465  ce 0.3154  dice 0.2015  risk 0.2636  unc 0.5465  lr 3.74e-05
ep  40/45  loss 0.5401  ce 0.3169  dice 0.2031  risk 0.2638  unc 0.5401  lr 2.97e-05  | val mIoU 0.703  acc 0.851  rho_d 0.622  rho_s 0.511
ep  41/45  loss 0.5408  ce 0.3157  dice 0.2008  risk 0.2634  unc 0.5408  lr 2.34e-05
ep  42/45  loss 0.5431  ce 0.3168  dice 0.2034  risk 0.2640  unc 0.5431  lr 1.84e-05
ep  43/45  loss 0.5502  ce 0.3160  dice 0.2036  risk 0.2635  unc 0.5502  lr 1.49e-05
ep  44/45  loss 0.5444  ce 0.3165  dice 0.2030  risk 0.2637  unc 0.5444  lr 1.27e-05
ep  45/45  loss 0.5469  ce 0.3157  dice 0.2027  risk 0.2635  unc 0.5469  lr 1.20e-05  | val mIoU 0.703  acc 0.851  rho_d 0.619  rho_s 0.511
[calib] depth: a=22.54 b=-0.23  val ECE 0.0295  conf p05/p50/p95 0.042/0.369/0.930  base rate 0.443
[calib] seg: a=7.59 b=0.44  val ECE 0.0500  conf p05/p50/p95 0.288/0.781/0.867  base rate 0.748
{
  "checkpoint": "D:\\HARSHIT\\UVG\\checkpoints\\trav_unc_shared.pt",
  "epochs": 45,
  "batch": 8,
  "device": "cuda",
  "train_samples": 192,
  "val_samples": 56,
  "train_seconds": 108.2,
  "peak_vram_mb": 159.6,
  "n_params": {
    "trunk": 969776,
    "trav_head": 21077,
    "unc_head": 13954,
    "total": 1004807
  },
  "final_val_metrics_vs_PSEUDO_LABELS": {
    "pixel_acc_vs_pseudo": 0.8513971017323987,
    "mIoU_vs_pseudo": 0.7034984862139447,
    "risk_mae": 0.09747404995493372,
    "IoU_safe": 0.589670153881238,
    "IoU_risky": 0.5287462886247081,
    "IoU_obstacle": 0.8028217987420558,
    "IoU_unknown": 0.8927557036077771,
    "spearman_depth_err": 0.618596476744171,
    "mae_depth_err": 0.06966925412416458,
    "spearman_seg_err": 0.5110565041437911,
    "mae_seg_err": 0.15292446315288544,
    "confidence_calibration": {
      "depth": {
        "tolerance": 0.25,
        "platt_a": 22.536992318830958,
        "platt_b": -0.22867216310482597,
        "val_ece": 0.02950273252468487,
        "val_base_rate_error_below_tol": 0.44321,
        "val_conf_mean": 0.4310559928417206,
        "val_conf_p05": 0.04207954928278923,
        "val_conf_p50": 0.3691927492618561,
        "val_conf_p95": 0.9302050471305847,
        "val_spearman_pred_vs_true_error": 0.6161188122977972,
        "reliability_bins": [
          {
            "bin": [
              0.0,
              0.1
            ],
            "n_frac": 0.17491166666666666,
            "mean_conf": 0.05851362358399976,
            "empirical": 0.0658713445834564
          },
          {
            "bin": [
              0.1,
              0.2
            ],
            "n_frac": 0.16471166666666667,
            "mean_conf": 0.14587450342438255,
            "empirical": 0.1305716049257794
          },
          {
            "bin": [
              0.2,
              0.30000000000000004
            ],
            "n_frac": 0.10375,
            "mean_conf": 0.24705579261822874,
            "empirical": 0.2647550200803213
          },
          {
            "bin": [
              0.30000000000000004,
              0.4
            ],
            "n_frac": 0.07960833333333334,
            "mean_conf": 0.34835494211814944,
            "empirical": 0.40558986705746886
          },
          {
            "bin": [
              0.4,
              0.5
            ],
            "n_frac": 0.07008166666666667,
            "mean_conf": 0.44915822376116027,
            "empirical": 0.514090703702823
          },
          {
            "bin": [
              0.5,
              0.6000000000000001
            ],
            "n_frac": 0.06665833333333333,
            "mean_conf": 0.5499968815437033,
            "empirical": 0.6061507688461057
          },
          {
            "bin": [
              0.6000000000000001,
              0.7000000000000001
            ],
            "n_frac": 0.06979,
            "mean_conf": 0.6507478176525433,
            "empirical": 0.6929359507092707
          },
          {
            "bin": [
              0.7000000000000001,
              0.8
            ],
            "n_frac": 0.07994666666666667,
            "mean_conf": 0.7518883138022735,
            "empirical": 0.7757880253502335
          },
          {
            "bin": [
              0.8,
              0.9
            ],
            "n_frac": 0.103425,
            "mean_conf": 0.852533700548568,
            "empirical": 0.8400773507372492
          },
          {
            "bin": [
              0.9,
              1.0
            ],
            "n_frac": 0.08711666666666666,
            "mean_conf": 0.9365662811077049,
            "empirical": 0.8807155155921178
          }
        ]
      },
      "seg": {
        "tolerance": 0.2,
        "platt_a": 7.591929545692708,
        "platt_b": 0.44124829594120546,
        "val_ece": 0.050008184919752,
        "val_base_rate_error_below_tol": 0.7480683333333333,
        "val_conf_mean": 0.7079111933708191,
        "val_conf_p05": 0.2879205644130707,
        "val_conf_p50": 0.780620813369751,
        "val_conf_p95": 0.8667992949485779,
        "val_spearman_pred_vs_true_error": 0.5112650663357713,
        "reliability_bins": [
          {
            "bin": [
              0.0,
              0.1
            ],
            "n_frac": 0.012065,
            "mean_conf": 0.05693899172581614,
            "empirical": 0.41055394391490535
          },
          {
            "bin": [
              0.1,
              0.2
            ],
            "n_frac": 0.01782,
            "mean_conf": 0.152734785994011,
            "empirical": 0.4403292181069959
          },
          {
            "bin": [
              0.2,
              0.30000000000000004
            ],
            "n_frac": 0.023493333333333335,
            "mean_conf": 0.25289844007999823,
            "empirical": 0.4822644721906924
          },
          {
            "bin": [
              0.30000000000000004,
              0.4
            ],
            "n_frac": 0.03295,
            "mean_conf": 0.35315383871245637,
            "empirical": 0.5433485078401619
          },
          {
            "bin": [
              0.4,
              0.5
            ],
            "n_frac": 0.04714,
            "mean_conf": 0.4535078744871194,
            "empirical": 0.5612360345071419
          },
          {
            "bin": [
              0.5,
              0.6000000000000001
            ],
            "n_frac": 0.07135166666666666,
            "mean_conf": 0.5537747765653327,
            "empirical": 0.5871154609796547
          },
          {
            "bin": [
              0.6000000000000001,
              0.7000000000000001
            ],
            "n_frac": 0.11967166666666666,
            "mean_conf": 0.6546695844542009,
            "empirical": 0.6629388744202889
          },
          {
            "bin": [
              0.7000000000000001,
              0.8
            ],
            "n_frac": 0.24073833333333333,
            "mean_conf": 0.7572145434755732,
            "empirical": 0.7367542906198292
          },
          {
            "bin": [
              0.8,
              0.9
            ],
            "n_frac": 0.43477,
            "mean_conf": 0.8404389715697566,
            "empirical": 0.8762947458809639
          }
        ]
      }
    }
  },
  "caveat": "IoU / accuracy are agreement with the geometric pseudo-labels on a held-out temporal block of the SAME five clips. Not ground truth, and optimistic about cross-scene generalisation."
}
