[data] real cached BEV maps: clip_01, clip_02, clip_03, clip_04, clip_05
[data] anchors=750  real multi-step transitions=595  (load 32.4s)
[data] action labels from BEV map-matching fallback (no `odom` cache): the action whose warp best explains the next map
[data] real action histogram: FORWARD=146  LEFT=13  RIGHT=11  SLOW=70  REROUTE=7  STOP=348
[data] plus kinematic warp augmentation for all 6 actions (60% of every batch) - augmentation, not observed data
[model] 728,610 params (2.91 MB fp32) on cuda
  step     0/5000  total 3.4683  lat 0.1863  occ 1.2615  trav 0.0686  risk 0.6782  (4s)
  step   400/5000  total 2.0871  lat 0.0689  occ 0.8539  trav 0.0885  risk 0.3730  (123s)
  step   800/5000  total 2.2191  lat 0.1385  occ 0.8179  trav 0.0457  risk 0.4741  (223s)
  step  1200/5000  total 1.8272  lat 0.1169  occ 0.6666  trav 0.0253  risk 0.3851  (299s)
  step  1600/5000  total 1.7452  lat 0.0726  occ 0.6892  trav 0.0177  risk 0.3568  (444s)
  step  2000/5000  total 1.4872  lat 0.0757  occ 0.6088  trav 0.0062  risk 0.2745  (540s)
  step  2400/5000  total 1.8131  lat 0.0833  occ 0.5728  trav 0.0082  risk 0.4533  (620s)
  step  2800/5000  total 1.4796  lat 0.0772  occ 0.4963  trav 0.0061  risk 0.3223  (706s)
  step  3200/5000  total 1.7689  lat 0.0811  occ 0.6138  trav 0.0125  risk 0.3834  (778s)
  step  3600/5000  total 1.5010  lat 0.0822  occ 0.5356  trav 0.0063  risk 0.3105  (855s)
  step  4000/5000  total 1.5973  lat 0.0636  occ 0.5254  trav 0.0104  risk 0.3630  (923s)
  step  4400/5000  total 1.6603  lat 0.0642  occ 0.5169  trav 0.0039  risk 0.4049  (988s)
  step  4800/5000  total 1.4433  lat 0.0554  occ 0.6481  trav 0.0128  risk 0.2357  (1092s)
  step  4999/5000  total 1.3128  lat 0.0608  occ 0.4488  trav 0.0031  risk 0.2752  (1140s)

[eval] open-loop multi-step error, model vs persistence baseline (MAE, lower is better)
  step | occ: model persist  encfloor | trav: model persist | risk: model persist
    1  |      0.1040  0.0958    0.0906 |      0.0619  0.0944 |      0.0215  0.0000
    2  |      0.1008  0.1247    0.0929 |      0.0632  0.1633 |      0.0404  0.0263
    3  |      0.0942  0.1405    0.0890 |      0.0600  0.2053 |      0.0391  0.0839
    4  |      0.0860  0.1437    0.0828 |      0.0527  0.2270 |      0.0440  0.1645
    5  |      0.0828  0.1522    0.0808 |      0.0553  0.2410 |      0.0353  0.2063
    6  |      0.0854  0.1557    0.0811 |      0.0599  0.2521 |      0.0373  0.2255
  occ  : model beats persistence (5/6 horizon steps)
  trav : model beats persistence (6/6 horizon steps)
  risk : model beats persistence (4/5 horizon steps)  (step 1 excluded: the risk persistence baseline IS the step-1 target, so it is exact there by construction)
  'encfloor' = decoding the TRUE future map's own latent; no dynamics model can do better than that, it is the 96-D bottleneck.

[eval] action sensitivity at t+2.0 s
  occupancy across-action spread: model 0.1794  vs rigid-warp ground truth 0.1592  (113% of it)
  occupancy mean:                 model 0.1506  vs ground truth 0.1068
  collision-risk calibration (mean over anchors), predicted vs geometric target:
    FORWARD  pred 0.242   target 0.244
    LEFT     pred 0.473   target 0.456
    RIGHT    pred 0.538   target 0.543
    SLOW     pred 0.164   target 0.156
    REROUTE  pred 0.228   target 0.253
    STOP     pred 0.061   target 0.060

[save] D:\HARSHIT\UVG\checkpoints\world_model.pt  (2.93 MB)
[save] D:\HARSHIT\UVG\work\wm_train_log.npz
